=== 執行時間：2026-04-23 00:00 (Asia/Taipei) ===

【第一階段 - 原始碼分析】
- 拉取狀態：失敗（git pull origin master 失敗，因 master 分支不存在，但 git fetch 成功）
- 新版本 tag：v2026.1.11
- 分析文件：已建立 5 個（README.md, architecture.md, core-modules.md, extensions.md, changelog-notes.md）

【第二階段 - 主題盤點】
- 現有 docs 主題數：12 個
- 缺口主題數：7 個
- 新建 task 檔案：7 個（深度主題 5 個 + 教學主題 2 個）

【第三階段 - docs 撰寫】
- 成功更新：4 個
  - topic-stock-analysis.md（新建）
  - topic-stock-analysis-ref.md（新建）
  - topic-code-automation.md（新建）
  - topic-code-automation-ref.md（新建）
- 失敗：0 個

【第四階段 - 實戰教學】
- 本次主題：股票分析
- 狀態：完成（更新 tutorial-stock-analysis.md）

【本次執行摘要】
- 總處理主題數：2 個（類型 B 主題：股票分析、程式碼自動化）
- 下次建議優先處理：topic-document-analysis（應用場景主題）